// Jest Snapshot v1, https://goo.gl/fbAQLP

exports[`renders with correct styles 1`] = `
<h1
  className="css-4rg9ba"
>
   
  ok
   
</h1>
`;
