// Jest Snapshot v1, https://goo.gl/fbAQLP

exports[`renders with correct styles 1`] = `
<h4
  className="css-19ndrke"
>
   
  ok
   
</h4>
`;
