// Jest Snapshot v1, https://goo.gl/fbAQLP

exports[`renders with correct styles 1`] = `
<input
  className="css-1gb2z4x"
/>
`;
