// Jest Snapshot v1, https://goo.gl/fbAQLP

exports[`renders with correct styles 1`] = `
<span
  className="css-1mljkwe"
>
   
  hi test
   
</span>
`;
