// Jest Snapshot v1, https://goo.gl/fbAQLP

exports[`renders with correct styles 1`] = `
<h2
  className="css-15m3eps"
>
   
  ok
   
</h2>
`;
