// Jest Snapshot v1, https://goo.gl/fbAQLP

exports[`renders with correct styles 1`] = `
<button
  className="css-13e643k"
>
   
   
</button>
`;
