// Jest Snapshot v1, https://goo.gl/fbAQLP

exports[`renders with correct styles 1`] = `
<label
  className="css-189tkbf"
>
  <input
    className="css-wui0w3"
    disabled={true}
    name={undefined}
    type="radio"
  />
  <span
    className="checkmark"
  />
  <span />
</label>
`;
