// Jest Snapshot v1, https://goo.gl/fbAQLP

exports[`renders with correct styles 1`] = `
<h6
  className="css-1pzindw"
>
   
  ok
   
</h6>
`;
