// Jest Snapshot v1, https://goo.gl/fbAQLP

exports[`renders with correct styles 1`] = `
<textarea
  className="css-15n63v"
/>
`;
