// Jest Snapshot v1, https://goo.gl/fbAQLP

exports[`renders with correct styles 1`] = `
<h5
  className="css-1ks8uv5"
>
   
  ok
   
</h5>
`;
