// Jest Snapshot v1, https://goo.gl/fbAQLP

exports[`renders with correct styles 1`] = `
<h3
  className="css-n3js2u"
>
   
  ok
   
</h3>
`;
