// Jest Snapshot v1, https://goo.gl/fbAQLP

exports[`renders with correct styles 1`] = `
<div
  className="css-1b7y5sk"
>
  hi test
</div>
`;
