// Jest Snapshot v1, https://goo.gl/fbAQLP

exports[`renders with correct styles 1`] = `
<div
  className="css-bsawnf"
>
  <img
    src={undefined}
  />
</div>
`;
