// Jest Snapshot v1, https://goo.gl/fbAQLP

exports[`renders with correct styles 1`] = `
<div
  className="css-1r7od4f"
>
   
  hi test
   
</div>
`;
